Copyright 1986-2022 Xilinx, Inc. All Rights Reserved. Copyright 2022-2026 Advanced Micro Devices, Inc. All Rights Reserved.
---------------------------------------------------------------------------------------------------------------------------------------------
| Tool Version : Vivado v.2026.1 (win64) Build 6511674 Tue Jun 16 11:02:23 MDT 2026
| Date         : Tue Jul 14 16:01:36 2026
| Host         : DESKTOP-AMAVPJQ running 64-bit major release  (build 9200)
| Command      : report_control_sets -verbose -file VendingMachineFSM_control_sets_placed.rpt
| Design       : VendingMachineFSM
| Device       : xc7a100t
---------------------------------------------------------------------------------------------------------------------------------------------

Control Set Information

Table of Contents
-----------------
1. Summary
2. Histogram
3. Flip-Flop Distribution
4. Detailed Control Set Information

1. Summary
----------

+----------------------------------------------------------+-------+
|                          Status                          | Count |
+----------------------------------------------------------+-------+
| Total control sets                                       |    19 |
|    Minimum number of control sets                        |    19 |
|    Addition due to synthesis replication                 |     0 |
|    Addition due to physical synthesis replication        |     0 |
| Unused register locations in slices containing registers |    93 |
+----------------------------------------------------------+-------+
* Control sets can be merged at opt_design using control_set_merge or merge_equivalent_drivers
** Run report_qor_suggestions for automated merging and remapping suggestions


2. Histogram
------------

+--------------------+-------+
|       Fanout       | Count |
+--------------------+-------+
| Total control sets |    19 |
| >= 0 to < 4        |     1 |
| >= 4 to < 6        |     3 |
| >= 6 to < 8        |     0 |
| >= 8 to < 10       |     2 |
| >= 10 to < 12      |     1 |
| >= 12 to < 14      |     4 |
| >= 14 to < 16      |     0 |
| >= 16              |     8 |
+--------------------+-------+
* Control sets can be remapped at either synth_design or opt_design


3. Flip-Flop Distribution
-------------------------

+--------------+-----------------------+------------------------+-----------------+--------------+
| Clock Enable | Synchronous Set/Reset | Asynchronous Set/Reset | Total Registers | Total Slices |
+--------------+-----------------------+------------------------+-----------------+--------------+
| No           | No                    | No                     |              12 |            6 |
| No           | No                    | Yes                    |               0 |            0 |
| No           | Yes                   | No                     |              41 |           12 |
| Yes          | No                    | No                     |              54 |           24 |
| Yes          | No                    | Yes                    |               0 |            0 |
| Yes          | Yes                   | No                     |             152 |           44 |
+--------------+-----------------------+------------------------+-----------------+--------------+


4. Detailed Control Set Information
-----------------------------------

+----------------+-------------------------------+-------------------------------+------------------+----------------+--------------+
|  Clock Signal  |         Enable Signal         |        Set/Reset Signal       | Slice Load Count | Bel Load Count | Bels / Slice |
+----------------+-------------------------------+-------------------------------+------------------+----------------+--------------+
|  clk_IBUF_BUFG | ones                          | ones[2]_i_1_n_0               |                2 |              2 |         1.00 |
|  clk_IBUF_BUFG |                               | clk1_inst/clk_out_reg_3       |                1 |              4 |         4.00 |
|  clk_IBUF_BUFG | current_state[4]_i_1_n_0      |                               |                3 |              5 |         1.67 |
|  clk_IBUF_BUFG | selected_price[7]_i_1_n_0     |                               |                2 |              5 |         2.50 |
|  clk_IBUF_BUFG | clk1_inst/E[0]                | display_message[0][3]_i_1_n_0 |                2 |              8 |         4.00 |
|  clk_IBUF_BUFG | money_inserted[8]_i_1_n_0     |                               |                4 |              9 |         2.25 |
|  clk_IBUF_BUFG | ones                          |                               |                6 |             10 |         1.67 |
|  clk_IBUF_BUFG |                               |                               |                6 |             12 |         2.00 |
|  clk_IBUF_BUFG |                               | scan_idx[0]                   |                4 |             12 |         3.00 |
|  clk_IBUF_BUFG | change_digits[5][4]_i_1_n_0   |                               |                5 |             12 |         2.40 |
|  clk_IBUF_BUFG | clk1_inst/E[0]                |                               |                4 |             13 |         3.25 |
|  clk_IBUF_BUFG | btn_coin_a_cnt0               | btn_coin_a_cnt[0]_i_1_n_0     |                5 |             17 |         3.40 |
|  clk_IBUF_BUFG | btn_coin_s_cnt0               | btn_coin_s_cnt[0]_i_1_n_0     |                5 |             17 |         3.40 |
|  clk_IBUF_BUFG | btn_next_cnt0                 | btn_next_cnt[0]_i_1_n_0       |                5 |             17 |         3.40 |
|  clk_IBUF_BUFG | btn_prev_cnt0                 | btn_prev_cnt[0]_i_1_n_0       |                5 |             17 |         3.40 |
|  clk_IBUF_BUFG | btn_select_cnt0               | clear                         |                5 |             17 |         3.40 |
|  clk_IBUF_BUFG |                               | clk1_inst/clk_out             |                7 |             25 |         3.57 |
|  clk_IBUF_BUFG | display_message[0][3]_i_1_n_0 | dispensing_counter[0]         |                7 |             28 |         4.00 |
|  clk_IBUF_BUFG | change_counter[0]_i_2_n_0     | change_counter[0]             |                8 |             29 |         3.62 |
+----------------+-------------------------------+-------------------------------+------------------+----------------+--------------+


